D:\Sdk\ndk\27.2.12479018\toolchains\llvm\prebuilt\windows-x86_64\bin\llvm-objcopy.exe -I binary -O elf64-littleaarch64 -B aarch64 obj/binary/InceptionV3_InceptionV3_Conv2d_1a_3x3_Conv2D_bias.raw obj/InceptionV3_InceptionV3_Conv2d_1a_3x3_Conv2D_bias.raw.o

D:\Sdk\ndk\27.2.12479018\toolchains\llvm\prebuilt\windows-x86_64\bin\llvm-objcopy.exe -I binary -O elf64-littleaarch64 -B aarch64 obj/binary/InceptionV3_InceptionV3_Conv2d_1a_3x3_Conv2D_weight.raw obj/InceptionV3_InceptionV3_Conv2d_1a_3x3_Conv2D_weight.raw.o

D:\Sdk\ndk\27.2.12479018\toolchains\llvm\prebuilt\windows-x86_64\bin\clang++.exe --target=aarch64-linux-android24 -shared -fPIC -O3 -std=c++11 -fvisibility=hidden -Wno-write-strings -DQNN_API=__attribute__((visibility(\"default\"))) -static-libstdc++ -IE:\QualComm\AIStack\QAIRT\2.46.0.260424\share\QNN\converter\jni -IE:\QualComm\AIStack\QAIRT\2.46.0.260424\include\QNN E:\QualComm\AIStack\QAIRT\2.46.0.260424\examples\QNN\converter\models\qnn_model_8bit_quantized.cpp E:\QualComm\AIStack\QAIRT\2.46.0.260424\share\QNN\converter\jni\QnnModel.cpp E:\QualComm\AIStack\QAIRT\2.46.0.260424\share\QNN\converter\jni\QnnWrapperUtils.cpp E:\QualComm\AIStack\QAIRT\2.46.0.260424\share\QNN\converter\jni\linux\QnnModelPal.cpp obj/InceptionV3_InceptionV3_Conv2d_1a_3x3_Conv2D_bias.raw.o obj/InceptionV3_InceptionV3_Conv2d_1a_3x3_Conv2D_weight.raw.o -Wl,--no-undefined -Wl,-z,max-page-size=16384 -Wl,-soname,libconv_relu_quantized.so -ldl -lm -o E:\QualComm\01.Qualcomm_Qnn_HTP_On_Device_AI\02.qnn_npu_model_probe\model_assets_2.46.0.260424\model\libconv_relu_quantized.so

D:\Sdk\ndk\27.2.12479018\toolchains\llvm\prebuilt\windows-x86_64\bin\llvm-readelf.exe --dyn-syms --wide E:\QualComm\01.Qualcomm_Qnn_HTP_On_Device_AI\02.qnn_npu_model_probe\model_assets_2.46.0.260424\model\libconv_relu_quantized.so

Symbol table '.dynsym' contains 587 entries:
   Num:    Value          Size Type    Bind   Vis       Ndx Name
     0: 0000000000000000     0 NOTYPE  LOCAL  DEFAULT   UND 
     1: 0000000000000000     0 FUNC    GLOBAL DEFAULT   UND __cxa_finalize@LIBC
     2: 0000000000000000     0 FUNC    GLOBAL DEFAULT   UND __cxa_atexit@LIBC
     3: 0000000000000000     0 FUNC    GLOBAL DEFAULT   UND __register_atfork@LIBC
     4: 0000000000000000     0 FUNC    GLOBAL DEFAULT   UND printf@LIBC
     5: 0000000000000000     0 FUNC    GLOBAL DEFAULT   UND puts@LIBC
     6: 0000000000000000     0 FUNC    GLOBAL DEFAULT   UND memcpy@LIBC
     7: 0000000000000000     0 FUNC    GLOBAL DEFAULT   UND strlen@LIBC
     8: 0000000000000000     0 FUNC    GLOBAL DEFAULT   UND memmove@LIBC
     9: 0000000000000000     0 FUNC    GLOBAL DEFAULT   UND malloc@LIBC
    10: 0000000000000000     0 FUNC    GLOBAL DEFAULT   UND free@LIBC
    11: 0000000000000000     0 FUNC    GLOBAL DEFAULT   UND memcmp@LIBC
    12: 0000000000000000     0 FUNC    GLOBAL DEFAULT   UND strcmp@LIBC
    13: 0000000000000000     0 FUNC    GLOBAL DEFAULT   UND dlsym@LIBC
    14: 0000000000000000     0 FUNC    GLOBAL DEFAULT   UND dlerror@LIBC
    15: 0000000000000000     0 FUNC    GLOBAL DEFAULT   UND strndup@LIBC
    16: 0000000000000000     0 FUNC    GLOBAL DEFAULT   UND dl_iterate_phdr@LIBC
    17: 0000000000000000     0 FUNC    GLOBAL DEFAULT   UND memchr@LIBC
    18: 0000000000000000     0 FUNC    GLOBAL DEFAULT   UND memset@LIBC
    19: 0000000000000000     0 FUNC    GLOBAL DEFAULT   UND wcslen@LIBC
    20: 0000000000000000     0 FUNC    GLOBAL DEFAULT   UND wmemchr@LIBC
    21: 0000000000000000     0 FUNC    GLOBAL DEFAULT   UND wmemcmp@LIBC
    22: 0000000000000000     0 FUNC    GLOBAL DEFAULT   UND __errno@LIBC
    23: 0000000000000000     0 FUNC    GLOBAL DEFAULT   UND strtoul@LIBC
    24: 0000000000000000     0 FUNC    GLOBAL DEFAULT   UND strtoll@LIBC
    25: 0000000000000000     0 FUNC    GLOBAL DEFAULT   UND strtoull@LIBC
    26: 0000000000000000     0 FUNC    GLOBAL DEFAULT   UND strtof@LIBC
    27: 0000000000000000     0 FUNC    GLOBAL DEFAULT   UND strtod@LIBC
    28: 0000000000000000     0 FUNC    GLOBAL DEFAULT   UND strtold@LIBC
    29: 0000000000000000     0 FUNC    GLOBAL DEFAULT   UND wcstoul@LIBC
    30: 0000000000000000     0 FUNC    GLOBAL DEFAULT   UND wcstoll@LIBC
    31: 0000000000000000     0 FUNC    GLOBAL DEFAULT   UND wcstoull@LIBC
    32: 0000000000000000     0 FUNC    GLOBAL DEFAULT   UND wcstof@LIBC
    33: 0000000000000000     0 FUNC    GLOBAL DEFAULT   UND wcstod@LIBC
    34: 0000000000000000     0 FUNC    GLOBAL DEFAULT   UND wcstold@LIBC
    35: 0000000000000000     0 FUNC    GLOBAL DEFAULT   UND snprintf@LIBC
    36: 0000000000000000     0 FUNC    GLOBAL DEFAULT   UND swprintf@LIBC
    37: 0000000000000000     0 FUNC    GLOBAL DEFAULT   UND strtol@LIBC
    38: 0000000000000000     0 FUNC    GLOBAL DEFAULT   UND wcstol@LIBC
    39: 0000000000000000     0 OBJECT  GLOBAL DEFAULT   UND __sF@LIBC
    40: 0000000000000000     0 FUNC    GLOBAL DEFAULT   UND fwrite@LIBC
    41: 0000000000000000     0 FUNC    GLOBAL DEFAULT   UND vfprintf@LIBC
    42: 0000000000000000     0 FUNC    GLOBAL DEFAULT   UND fputc@LIBC
    43: 0000000000000000     0 FUNC    GLOBAL DEFAULT   UND vasprintf@LIBC
    44: 0000000000000000     0 FUNC    GLOBAL DEFAULT   UND android_set_abort_message@LIBC
    45: 0000000000000000     0 FUNC    GLOBAL DEFAULT   UND openlog@LIBC
    46: 0000000000000000     0 FUNC    GLOBAL DEFAULT   UND syslog@LIBC
    47: 0000000000000000     0 FUNC    GLOBAL DEFAULT   UND closelog@LIBC
    48: 0000000000000000     0 FUNC    GLOBAL DEFAULT   UND abort@LIBC
    49: 0000000000000000     0 FUNC    GLOBAL DEFAULT   UND realloc@LIBC
    50: 0000000000000000     0 FUNC    GLOBAL DEFAULT   UND fprintf@LIBC
    51: 0000000000000000     0 FUNC    GLOBAL DEFAULT   UND fputs@LIBC
    52: 0000000000000000     0 FUNC    GLOBAL DEFAULT   UND posix_memalign@LIBC
    53: 0000000000000000     0 FUNC    GLOBAL DEFAULT   UND pthread_mutex_lock@LIBC
    54: 0000000000000000     0 FUNC    GLOBAL DEFAULT   UND pthread_mutex_unlock@LIBC
    55: 0000000000000000     0 FUNC    GLOBAL DEFAULT   UND calloc@LIBC
    56: 0000000000000000     0 FUNC    GLOBAL DEFAULT   UND __assert2@LIBC
    57: 0000000000000000     0 FUNC    GLOBAL DEFAULT   UND pthread_getspecific@LIBC
    58: 0000000000000000     0 FUNC    GLOBAL DEFAULT   UND pthread_once@LIBC
    59: 0000000000000000     0 FUNC    GLOBAL DEFAULT   UND pthread_setspecific@LIBC
    60: 0000000000000000     0 FUNC    GLOBAL DEFAULT   UND pthread_key_delete@LIBC
    61: 0000000000000000     0 FUNC    GLOBAL DEFAULT   UND pthread_key_create@LIBC
    62: 0000000000000000     0 FUNC    GLOBAL DEFAULT   UND getauxval@LIBC
    63: 0000000000000000     0 FUNC    GLOBAL DEFAULT   UND __system_property_get@LIBC
    64: 0000000000000000     0 FUNC    GLOBAL DEFAULT   UND strncmp@LIBC
    65: 0000000000000000     0 NOTYPE  WEAK   DEFAULT   UND memfd_create
    66: 0000000000000000     0 FUNC    GLOBAL DEFAULT   UND fflush@LIBC
    67: 0000000000000000     0 FUNC    GLOBAL DEFAULT   UND pthread_rwlock_wrlock@LIBC
    68: 0000000000000000     0 FUNC    GLOBAL DEFAULT   UND pthread_rwlock_unlock@LIBC
    69: 0000000000000000     0 FUNC    GLOBAL DEFAULT   UND pthread_rwlock_rdlock@LIBC
    70: 0000000000000000     0 FUNC    GLOBAL DEFAULT   UND getpid@LIBC
    71: 0000000000000000     0 FUNC    GLOBAL DEFAULT   UND syscall@LIBC
    72: 000000000003acec    24 FUNC    GLOBAL DEFAULT    13 __cxa_pure_virtual
    73: 0000000000067780    32 OBJECT  GLOBAL DEFAULT    15 _ZTIPKj
    74: 0000000000030444    68 FUNC    WEAK   DEFAULT    13 _ZNKSt6__ndk112basic_stringIcNS_11char_traitsIcEENS_9allocatorIcEEE2atEm
    75: 0000000000067440    32 OBJECT  GLOBAL DEFAULT    15 _ZTIPv
    76: 0000000000017f18     3 OBJECT  GLOBAL DEFAULT     9 _ZTSPl
    77: 000000000005bf7c    12 FUNC    GLOBAL DEFAULT    13 __cxa_get_exception_ptr
    78: 0000000000067530    32 OBJECT  GLOBAL DEFAULT    15 _ZTIPw
    79: 00000000000677d0    32 OBJECT  GLOBAL DEFAULT    15 _ZTIPKl
    80: 0000000000017f21     3 OBJECT  GLOBAL DEFAULT     9 _ZTSPm
    81: 00000000000679b0    32 OBJECT  GLOBAL DEFAULT    15 _ZTIPKDh
    82: 0000000000034d2c   368 FUNC    GLOBAL DEFAULT    13 _ZNSt6__ndk16stoullERKNS_12basic_stringIcNS_11char_traitsIcEENS_9allocatorIcEEEEPmi
    83: 0000000000036b28   724 FUNC    GLOBAL DEFAULT    13 _ZNSt6__ndk110to_wstringEx
    84: 0000000000067820    32 OBJECT  GLOBAL DEFAULT    15 _ZTIPKm
    85: 0000000000067850    32 OBJECT  GLOBAL DEFAULT    15 _ZTIPx
    86: 0000000000017f3c     3 OBJECT  GLOBAL DEFAULT     9 _ZTSPn
    87: 0000000000067be0    32 OBJECT  GLOBAL DEFAULT    15 _ZTIPKDi
    88: 000000000005bc54     8 FUNC    WEAK   DEFAULT    13 _ZnamSt11align_val_t
    89: 0000000000030040   184 FUNC    WEAK   DEFAULT    13 _ZNKSt6__ndk112basic_stringIcNS_11char_traitsIcEENS_9allocatorIcEEE16find_last_not_ofEPKcmm
    90: 00000000000371dc   628 FUNC    GLOBAL DEFAULT    13 _ZNSt6__ndk110to_wstringEy
    91: 0000000000038a94    52 FUNC    GLOBAL DEFAULT    13 _ZSt13set_terminatePFvvE
    92: 0000000000038ac8    36 FUNC    GLOBAL DEFAULT    13 _ZSt15set_new_handlerPFvvE
    93: 0000000000038e90    44 FUNC    GLOBAL DEFAULT    13 _ZNSt14overflow_errorD0Ev
    94: 00000000000672c0    24 OBJECT  GLOBAL DEFAULT    15 _ZTISt14overflow_error
    95: 00000000000678a0    32 OBJECT  GLOBAL DEFAULT    15 _ZTIPy
    96: 0000000000067910    32 OBJECT  GLOBAL DEFAULT    15 _ZTIPKn
    97: 0000000000017f45     3 OBJECT  GLOBAL DEFAULT     9 _ZTSPo
    98: 000000000005bd58   172 FUNC    GLOBAL DEFAULT    13 __cxa_begin_catch
    99: 0000000000032a98   184 FUNC    WEAK   DEFAULT    13 _ZNSt6__ndk112basic_stringIwNS_11char_traitsIwEENS_9allocatorIwEEE6__initEPKwm
   100: 000000000006f550     8 OBJECT  GLOBAL DEFAULT    23 __cxa_new_handler
   101: 0000000000017cb5    18 OBJECT  GLOBAL DEFAULT     9 _ZTSSt13bad_exception
   102: 0000000000067378    24 OBJECT  GLOBAL DEFAULT    15 _ZTIN10__cxxabiv120__function_type_infoE
   103: 0000000000067960    32 OBJECT  GLOBAL DEFAULT    15 _ZTIPKo
   104: 000000000002f634   148 FUNC    GLOBAL DEFAULT    13 _ZNSt11logic_errorC1ERKNSt6__ndk112basic_stringIcNS0_11char_traitsIcEENS0_9allocatorIcEEEE
   105: 0000000000038d10   108 FUNC    GLOBAL DEFAULT    13 _ZNSt14overflow_errorD2Ev
   106: 0000000000017ee9     2 OBJECT  GLOBAL DEFAULT     9 _ZTSa
   107: 0000000000017d34    17 OBJECT  GLOBAL DEFAULT     9 _ZTSSt12out_of_range
   108: 0000000000017ec5     2 OBJECT  GLOBAL DEFAULT     9 _ZTSb
   109: 000000000003356c    76 FUNC    WEAK   DEFAULT    13 _ZNSt6__ndk112basic_stringIwNS_11char_traitsIwEENS_9allocatorIwEEE6insertEmPKw
   110: 00000000000674b0    32 OBJECT  GLOBAL DEFAULT    15 _ZTIPKDn
   111: 0000000000017ed7     2 OBJECT  GLOBAL DEFAULT     9 _ZTSc
   112: 0000000000017ef4     3 OBJECT  GLOBAL DEFAULT     9 _ZTSPs
   113: 0000000000038b78    16 FUNC    GLOBAL DEFAULT    13 _ZNKSt9exception4whatEv
   114: 0000000000067690    32 OBJECT  GLOBAL DEFAULT    15 _ZTIPKs
   115: 0000000000017efd     3 OBJECT  GLOBAL DEFAULT     9 _ZTSPt
   116: 0000000000017f61     2 OBJECT  GLOBAL DEFAULT     9 _ZTSd
   117: 000000000005c140   228 FUNC    GLOBAL DEFAULT    13 __cxa_rethrow
   118: 000000000006f198     0 NOTYPE  GLOBAL DEFAULT    22 _binary_obj_binary_InceptionV3_InceptionV3_Conv2d_1a_3x3_Conv2D_bias_raw_end
   119: 00000000000301b0   440 FUNC    WEAK   DEFAULT    13 _ZNSt6__ndk112basic_stringIcNS_11char_traitsIcEENS_9allocatorIcEEE6insertEmmc
   120: 00000000000346e8    76 FUNC    WEAK   DEFAULT    13 _ZNSt6__ndk112basic_stringIwNS_11char_traitsIwEENS_9allocatorIwEEE6resizeEmw
   121: 0000000000067200    40 OBJECT  GLOBAL DEFAULT    15 _ZTVSt12out_of_range
   122: 0000000000067058    16 OBJECT  GLOBAL DEFAULT    15 _ZTISt9exception
   123: 00000000000676e0    32 OBJECT  GLOBAL DEFAULT    15 _ZTIPKt
   124: 0000000000017f6a     2 OBJECT  GLOBAL DEFAULT     9 _ZTSe
   125: 000000000005bca4    12 FUNC    WEAK   DEFAULT    13 _ZdlPvmSt11align_val_t
   126: 000000000003316c   240 FUNC    WEAK   DEFAULT    13 _ZNSt6__ndk112basic_stringIwNS_11char_traitsIwEENS_9allocatorIwEEE6appendEPKwm
   127: 00000000000359dc   356 FUNC    GLOBAL DEFAULT    13 _ZNSt6__ndk14stodERKNS_12basic_stringIwNS_11char_traitsIwEENS_9allocatorIwEEEEPm
   128: 0000000000038b44     8 FUNC    GLOBAL DEFAULT    13 _ZNSt9exceptionD1Ev
   129: 0000000000017eb2     3 OBJECT  GLOBAL DEFAULT     9 _ZTSPv
   130: 0000000000017f58     2 OBJECT  GLOBAL DEFAULT     9 _ZTSf
   131: 0000000000018008    38 OBJECT  GLOBAL DEFAULT     9 _ZTSN10__cxxabiv121__vmi_class_type_infoE
   132: 000000000002f94c   112 FUNC    GLOBAL DEFAULT    13 _ZNSt13runtime_erroraSERKS_
   133: 000000000002f914    56 FUNC    GLOBAL DEFAULT    13 _ZNSt13runtime_errorC1ERKS_
   134: 0000000000038bc4    24 FUNC    GLOBAL DEFAULT    13 _ZNSt9bad_allocC1Ev
   135: 000000000003ac34    24 FUNC    GLOBAL DEFAULT    13 _ZNSt8bad_castC2Ev
   136: 0000000000017e3c    46 OBJECT  GLOBAL DEFAULT     9 _ZTSN10__cxxabiv129__pointer_to_member_type_infoE
   137: 0000000000067460    32 OBJECT  GLOBAL DEFAULT    15 _ZTIPKv
   138: 0000000000017ed0     3 OBJECT  GLOBAL DEFAULT     9 _ZTSPw
   139: 0000000000017f53     5 OBJECT  GLOBAL DEFAULT     9 _ZTSPKDh
   140: 0000000000017f73     2 OBJECT  GLOBAL DEFAULT     9 _ZTSg
   141: 0000000000034bc0   364 FUNC    GLOBAL DEFAULT    13 _ZNSt6__ndk15stollERKNS_12basic_stringIcNS_11char_traitsIcEENS_9allocatorIcEEEEPmi
   142: 0000000000067550    32 OBJECT  GLOBAL DEFAULT    15 _ZTIPKw
   143: 0000000000017ee0     2 OBJECT  GLOBAL DEFAULT     9 _ZTSh
   144: 0000000000017f2a     3 OBJECT  GLOBAL DEFAULT     9 _ZTSPx
   145: 0000000000067b90    32 OBJECT  GLOBAL DEFAULT    15 _ZTIPKDs
   146: 0000000000017f9b     5 OBJECT  GLOBAL DEFAULT     9 _ZTSPKDi
   147: 0000000000000020     0 NOTYPE  GLOBAL DEFAULT   ABS _binary_obj_binary_InceptionV3_InceptionV3_Conv2d_1a_3x3_Conv2D_bias_raw_size
   148: 0000000000031d6c    60 FUNC    WEAK   DEFAULT    13 _ZNSt6__ndk112basic_stringIcNS_11char_traitsIcEENS_9allocatorIcEEE6appendEPKc
   149: 0000000000031df8   436 FUNC    WEAK   DEFAULT    13 _ZNSt6__ndk112basic_stringIcNS_11char_traitsIcEENS_9allocatorIcEEE6insertENS_11__wrap_iterIPKcEEc
   150: 0000000000017d67    19 OBJECT  GLOBAL DEFAULT     9 _ZTSSt14overflow_error
   151: 0000000000017f04     2 OBJECT  GLOBAL DEFAULT     9 _ZTSi
   152: 0000000000067870    32 OBJECT  GLOBAL DEFAULT    15 _ZTIPKx
   153: 0000000000017f33     3 OBJECT  GLOBAL DEFAULT     9 _ZTSPy
   154: 0000000000017fa0    34 OBJECT  GLOBAL DEFAULT     9 _ZTSN10__cxxabiv117__array_type_infoE
   155: 000000000005d14c   544 FUNC    GLOBAL DEFAULT    13 __cxa_call_unexpected
   156: 0000000000017e17    37 OBJECT  GLOBAL DEFAULT     9 _ZTSN10__cxxabiv120__function_type_infoE
   157: 0000000000017f0d     2 OBJECT  GLOBAL DEFAULT     9 _ZTSj
   158: 00000000000678c0    32 OBJECT  GLOBAL DEFAULT    15 _ZTIPKy
   159: 0000000000067b40    32 OBJECT  GLOBAL DEFAULT    15 _ZTIPKDu
   160: 000000000003760c   440 FUNC    GLOBAL DEFAULT    13 _ZNSt6__ndk19to_stringEd
   161: 0000000000067d78    24 OBJECT  GLOBAL DEFAULT    15 _ZTIN10__cxxabiv120__si_class_type_infoE
   162: 000000000005bd08    80 FUNC    GLOBAL DEFAULT    13 __cxa_allocate_exception
   163: 0000000000034e9c   328 FUNC    GLOBAL DEFAULT    13 _ZNSt6__ndk14stofERKNS_12basic_stringIcNS_11char_traitsIcEENS_9allocatorIcEEEEPm
   164: 00000000000377c4   432 FUNC    GLOBAL DEFAULT    13 _ZNSt6__ndk19to_stringEe
   165: 0000000000038a60    52 FUNC    GLOBAL DEFAULT    13 _ZSt14set_unexpectedPFvvE
   166: 0000000000038880    28 FUNC    GLOBAL DEFAULT    13 _ZSt10unexpectedv
   167: 0000000000017d7a    20 OBJECT  GLOBAL DEFAULT     9 _ZTSSt15underflow_error
   168: 0000000000017f16     2 OBJECT  GLOBAL DEFAULT     9 _ZTSl
   169: 000000000005be6c   132 FUNC    GLOBAL DEFAULT    13 __cxa_throw
   170: 000000000003246c   168 FUNC    WEAK   DEFAULT    13 _ZNSt6__ndk112basic_stringIwNS_11char_traitsIwEENS_9allocatorIwEEE6__initEPKwmm
   171: 0000000000037450   444 FUNC    GLOBAL DEFAULT    13 _ZNSt6__ndk19to_stringEf
   172: 00000000000671a8    24 OBJECT  GLOBAL DEFAULT    15 _ZTISt16invalid_argument
   173: 0000000000038da8    12 FUNC    GLOBAL DEFAULT    13 _ZNKSt13runtime_error4whatEv
   174: 00000000000392cc   488 FUNC    GLOBAL DEFAULT    13 __dynamic_cast
   175: 0000000000017df3    36 OBJECT  GLOBAL DEFAULT     9 _ZTSN10__cxxabiv119__pointer_type_infoE
   176: 0000000000017ec0     5 OBJECT  GLOBAL DEFAULT     9 _ZTSPKDn
   177: 0000000000017f1f     2 OBJECT  GLOBAL DEFAULT     9 _ZTSm
   178: 0000000000067c50    56 OBJECT  GLOBAL DEFAULT    15 _ZTVN10__cxxabiv120__function_type_infoE
   179: 00000000000670c0    24 OBJECT  GLOBAL DEFAULT    15 _ZTISt20bad_array_new_length
   180: 0000000000038c6c   108 FUNC    GLOBAL DEFAULT    13 _ZNSt16invalid_argumentD1Ev
   181: 0000000000038d7c    44 FUNC    GLOBAL DEFAULT    13 _ZNSt13runtime_errorD0Ev
   182: 0000000000017f3a     2 OBJECT  GLOBAL DEFAULT     9 _ZTSn
   183: 0000000000038b44     8 FUNC    GLOBAL DEFAULT    13 _ZNSt20bad_array_new_lengthD1Ev
   184: 000000000002f788   112 FUNC    GLOBAL DEFAULT    13 _ZNSt11logic_erroraSERKS_
   185: 000000000002f750    56 FUNC    GLOBAL DEFAULT    13 _ZNSt11logic_errorC1ERKS_
   186: 0000000000034734    80 FUNC    WEAK   DEFAULT    13 _ZNSt6__ndk112basic_stringIwNS_11char_traitsIwEENS_9allocatorIwEEE6insertEmRKS5_mm
   187: 0000000000017ca8    13 OBJECT  GLOBAL DEFAULT     9 _ZTSSt9exception
   188: 0000000000017f43     2 OBJECT  GLOBAL DEFAULT     9 _ZTSo
   189: 000000000002bbf4     4 FUNC    GLOBAL DEFAULT    13 QnnModel_freeGraphsInfo
   190: 0000000000035cb8   304 FUNC    GLOBAL DEFAULT    13 _ZNSt6__ndk19to_stringEi
   191: 0000000000038d10   108 FUNC    GLOBAL DEFAULT    13 _ZNSt13runtime_errorD2Ev
   192: 000000000001803b    12 OBJECT  GLOBAL DEFAULT     9 _ZTSSt8bad_cast
   193: 0000000000036230   188 FUNC    GLOBAL DEFAULT    13 _ZNSt6__ndk19to_stringEj
   194: 000000000003252c    44 FUNC    WEAK   DEFAULT    13 _ZNSt6__ndk112basic_stringIwNS_11char_traitsIwEENS_9allocatorIwEEEC2ERKS5_
   195: 0000000000067030    40 OBJECT  GLOBAL DEFAULT    15 _ZTVSt9exception
   196: 0000000000067990    32 OBJECT  GLOBAL DEFAULT    15 _ZTIPDh
   197: 0000000000017f8f     5 OBJECT  GLOBAL DEFAULT     9 _ZTSPKDs
   198: 0000000000030de8   200 FUNC    WEAK   DEFAULT    13 _ZNSt6__ndk112basic_stringIcNS_11char_traitsIcEENS_9allocatorIcEEEC2ERKS5_mmRKS4_
   199: 0000000000035de8   548 FUNC    GLOBAL DEFAULT    13 _ZNSt6__ndk19to_stringEl
   200: 000000000003acb0    44 FUNC    GLOBAL DEFAULT    13 _ZNSt10bad_typeidD0Ev
   201: 0000000000067f38    24 OBJECT  GLOBAL DEFAULT    15 _ZTISt10bad_typeid
   202: 0000000000017ef2     2 OBJECT  GLOBAL DEFAULT     9 _ZTSs
   203: 0000000000067bc0    32 OBJECT  GLOBAL DEFAULT    15 _ZTIPDi
   204: 000000000003489c    24 FUNC    GLOBAL DEFAULT    13 _ZNKSt6__ndk121__basic_string_commonILb1EE20__throw_out_of_rangeEv
   205: 00000000000362ec   452 FUNC    GLOBAL DEFAULT    13 _ZNSt6__ndk19to_stringEm
   206: 0000000000017efb     2 OBJECT  GLOBAL DEFAULT     9 _ZTSt
   207: 0000000000017f83     5 OBJECT  GLOBAL DEFAULT     9 _ZTSPKDu
   208: 0000000000067cc0    24 OBJECT  GLOBAL DEFAULT    15 _ZTIN10__cxxabiv116__enum_type_infoE
   209: 000000000005bb88   148 FUNC    WEAK   DEFAULT    13 _ZnwmSt11align_val_t
   210: 0000000000031b4c    84 FUNC    WEAK   DEFAULT    13 _ZNSt6__ndk112basic_stringIcNS_11char_traitsIcEENS_9allocatorIcEEEaSERKS5_
   211: 0000000000030f20   160 FUNC    WEAK   DEFAULT    13 _ZNSt6__ndk112basic_stringIcNS_11char_traitsIcEENS_9allocatorIcEEE6__initEmc
   212: 000000000002ff94    44 FUNC    WEAK   DEFAULT    13 _ZNSt6__ndk112basic_stringIcNS_11char_traitsIcEENS_9allocatorIcEEEC1ERKS5_
   213: 0000000000038bb4    16 FUNC    GLOBAL DEFAULT    13 _ZNKSt13bad_exception4whatEv
   214: 0000000000038e64    44 FUNC    GLOBAL DEFAULT    13 _ZNSt11range_errorD0Ev
   215: 000000000003aca8     8 FUNC    GLOBAL DEFAULT    13 _ZNSt10bad_typeidD2Ev
   216: 0000000000017fe3    37 OBJECT  GLOBAL DEFAULT     9 _ZTSN10__cxxabiv120__si_class_type_infoE
   217: 000000000002f88c   136 FUNC    GLOBAL DEFAULT    13 _ZNSt13runtime_errorC1EPKc
   218: 0000000000038b88    44 FUNC    GLOBAL DEFAULT    13 _ZNSt13bad_exceptionD0Ev
   219: 0000000000038cd8    44 FUNC    GLOBAL DEFAULT    13 _ZNSt11logic_errorD0Ev
   220: 0000000000067330    24 OBJECT  GLOBAL DEFAULT    15 _ZTIN10__cxxabiv117__class_type_infoE
   221: 0000000000017eb0     2 OBJECT  GLOBAL DEFAULT     9 _ZTSv
   222: 0000000000017e88    40 OBJECT  GLOBAL DEFAULT     9 _ZTSN10__cxxabiv123__fundamental_type_infoE
   223: 000000000002f88c   136 FUNC    GLOBAL DEFAULT    13 _ZNSt13runtime_errorC2EPKc
   224: 000000000003512c   356 FUNC    GLOBAL DEFAULT    13 _ZNSt6__ndk15stoldERKNS_12basic_stringIcNS_11char_traitsIcEENS_9allocatorIcEEEEPm
   225: 0000000000017d0e    21 OBJECT  GLOBAL DEFAULT     9 _ZTSSt16invalid_argument
   226: 0000000000038d10   108 FUNC    GLOBAL DEFAULT    13 _ZNSt11range_errorD2Ev
   227: 0000000000017ece     2 OBJECT  GLOBAL DEFAULT     9 _ZTSw
   228: 00000000000325e8    84 FUNC    WEAK   DEFAULT    13 _ZNSt6__ndk112basic_stringIwNS_11char_traitsIwEENS_9allocatorIwEEE7replaceEmmPKw
   229: 0000000000033ad0   372 FUNC    WEAK   DEFAULT    13 _ZNSt6__ndk112basic_stringIwNS_11char_traitsIwEENS_9allocatorIwEEE6assignEmw
   230: 0000000000034908   212 FUNC    GLOBAL DEFAULT    13 _ZNSt6__ndk14stoiERKNS_12basic_stringIcNS_11char_traitsIcEENS_9allocatorIcEEEEPmi
   231: 0000000000067d28    80 OBJECT  GLOBAL DEFAULT    15 _ZTVN10__cxxabiv120__si_class_type_infoE
   232: 0000000000017cc7    25 OBJECT  GLOBAL DEFAULT     9 _ZTSSt20bad_array_new_length
   233: 0000000000038b44     8 FUNC    GLOBAL DEFAULT    13 _ZNSt13bad_exceptionD2Ev
   234: 0000000000038c6c   108 FUNC    GLOBAL DEFAULT    13 _ZNSt11logic_errorD2Ev
   235: 0000000000067490    32 OBJECT  GLOBAL DEFAULT    15 _ZTIPDn
   236: 0000000000017f28     2 OBJECT  GLOBAL DEFAULT     9 _ZTSx
   237: 0000000000030014    44 FUNC    WEAK   DEFAULT    13 _ZNSt6__ndk112basic_stringIcNS_11char_traitsIcEENS_9allocatorIcEEEC2ERKS5_RKS4_
   238: 0000000000017f31     2 OBJECT  GLOBAL DEFAULT     9 _ZTSy
   239: 000000000005c4b0    40 FUNC    GLOBAL DEFAULT    13 __cxa_uncaught_exceptions
   240: 0000000000067180    40 OBJECT  GLOBAL DEFAULT    15 _ZTVSt16invalid_argument
   241: 00000000000312fc   396 FUNC    WEAK   DEFAULT    13 _ZNSt6__ndk112basic_stringIcNS_11char_traitsIcEENS_9allocatorIcEEE6appendEmc
   242: 00000000000335b8   172 FUNC    WEAK   DEFAULT    13 _ZNKSt6__ndk112basic_stringIwNS_11char_traitsIwEENS_9allocatorIwEEE12find_last_ofEPKwmm
   243: 00000000000349dc   120 FUNC    GLOBAL DEFAULT    13 _ZNSt6__ndk14stolERKNS_12basic_stringIcNS_11char_traitsIcEENS_9allocatorIcEEEEPmi
   244: 0000000000067008    40 OBJECT  GLOBAL DEFAULT    15 _ZTVSt20bad_array_new_length
   245: 0000000000031614   148 FUNC    WEAK   DEFAULT    13 _ZNSt6__ndk112basic_stringIcNS_11char_traitsIcEENS_9allocatorIcEEE5eraseEmm
   246: 0000000000018047    15 OBJECT  GLOBAL DEFAULT     9 _ZTSSt10bad_typeid
   247: 0000000000067b70    32 OBJECT  GLOBAL DEFAULT    15 _ZTIPDs
   248: 000000000002f6c8   136 FUNC    GLOBAL DEFAULT    13 _ZNSt11logic_errorC1EPKc
   249: 00000000000318a0   164 FUNC    WEAK   DEFAULT    13 _ZNKSt6__ndk112basic_stringIcNS_11char_traitsIcEENS_9allocatorIcEEE7compareEmmPKc
   250: 0000000000017fc2    33 OBJECT  GLOBAL DEFAULT     9 _ZTSN10__cxxabiv116__enum_type_infoE
   251: 000000000002f6c8   136 FUNC    GLOBAL DEFAULT    13 _ZNSt11logic_errorC2EPKc
   252: 000000000003600c   548 FUNC    GLOBAL DEFAULT    13 _ZNSt6__ndk19to_stringEx
   253: 0000000000067b20    32 OBJECT  GLOBAL DEFAULT    15 _ZTIPDu
   254: 000000000005bc5c    56 FUNC    WEAK   DEFAULT    13 _ZnamSt11align_val_tRKSt9nothrow_t
   255: 0000000000030488   500 FUNC    WEAK   DEFAULT    13 _ZNSt6__ndk112basic_stringIcNS_11char_traitsIcEENS_9allocatorIcEEE6insertEmPKcm
   256: 000000000003067c   124 FUNC    WEAK   DEFAULT    13 _ZNKSt6__ndk112basic_stringIcNS_11char_traitsIcEENS_9allocatorIcEEE13find_first_ofEPKcmm
   257: 0000000000031488    80 FUNC    WEAK   DEFAULT    13 _ZNKSt6__ndk112basic_stringIcNS_11char_traitsIcEENS_9allocatorIcEEE5rfindEcm
   258: 00000000000364b0   452 FUNC    GLOBAL DEFAULT    13 _ZNSt6__ndk19to_stringEy
   259: 0000000000067168    24 OBJECT  GLOBAL DEFAULT    15 _ZTISt12domain_error
   260: 0000000000067c88    56 OBJECT  GLOBAL DEFAULT    15 _ZTVN10__cxxabiv116__enum_type_infoE
   261: 000000000003889c    20 FUNC    GLOBAL DEFAULT    13 _ZSt13get_terminatev
   262: 00000000000388e0    20 FUNC    GLOBAL DEFAULT    13 _ZSt15get_new_handlerv
   263: 0000000000038c6c   108 FUNC    GLOBAL DEFAULT    13 _ZNSt12domain_errorD1Ev
   264: 0000000000030904     8 FUNC    WEAK   DEFAULT    13 _ZNSt6__ndk112basic_stringIcNS_11char_traitsIcEENS_9allocatorIcEEE6assignEPKcm
   265: 0000000000038d10   108 FUNC    GLOBAL DEFAULT    13 _ZNSt15underflow_errorD1Ev
   266: 0000000000067f10    16 OBJECT  GLOBAL DEFAULT    15 _ZTISt9type_info
   267: 0000000000030d78   112 FUNC    WEAK   DEFAULT    13 _ZNKSt6__ndk112basic_stringIcNS_11char_traitsIcEENS_9allocatorIcEEE4copyEPcmm
   268: 000000000003178c   128 FUNC    WEAK   DEFAULT    13 _ZNKSt6__ndk112basic_stringIcNS_11char_traitsIcEENS_9allocatorIcEEE7compareEPKc
   269: 0000000000032730   176 FUNC    WEAK   DEFAULT    13 _ZNKSt6__ndk112basic_stringIwNS_11char_traitsIwEENS_9allocatorIwEEE17find_first_not_ofEPKwmm
   270: 000000000003459c    80 FUNC    WEAK   DEFAULT    13 _ZNSt6__ndk112basic_stringIwNS_11char_traitsIwEENS_9allocatorIwEEE7replaceEmmRKS5_mm
   271: 0000000000032718    24 FUNC    WEAK   DEFAULT    13 _ZNSt6__ndk112basic_stringIwNS_11char_traitsIwEENS_9allocatorIwEEED1Ev
   272: 000000000003ac00     8 FUNC    GLOBAL DEFAULT    13 _ZNSt9type_infoD1Ev
   273: 000000000005bb70     8 FUNC    WEAK   DEFAULT    13 _ZdaPv
   274: 0000000000032048   472 FUNC    WEAK   DEFAULT    13 _ZNSt6__ndk112basic_stringIwNS_11char_traitsIwEENS_9allocatorIwEEE7replaceEmmPKwm
   275: 000000000003413c   224 FUNC    WEAK   DEFAULT    13 _ZNKSt6__ndk112basic_stringIwNS_11char_traitsIwEENS_9allocatorIwEEE4findEPKwmm
   276: 000000000003ac80    16 FUNC    GLOBAL DEFAULT    13 _ZNKSt8bad_cast4whatEv
   277: 00000000000340f8     8 FUNC    WEAK   DEFAULT    13 _ZNSt6__ndk112basic_stringIwNS_11char_traitsIwEENS_9allocatorIwEEE6assignEPKw
   278: 0000000000038c08    16 FUNC    GLOBAL DEFAULT    13 _ZNKSt9bad_alloc4whatEv
   279: 0000000000038bdc    44 FUNC    GLOBAL DEFAULT    13 _ZNSt9bad_allocD0Ev
   280: 000000000003ac4c     8 FUNC    GLOBAL DEFAULT    13 _ZNSt8bad_castD1Ev
   281: 000000000002f914    56 FUNC    GLOBAL DEFAULT    13 _ZNSt13runtime_errorC2ERKS_
   282: 000000000002fe4c   184 FUNC    WEAK   DEFAULT    13 _ZNKSt6__ndk112basic_stringIcNS_11char_traitsIcEENS_9allocatorIcEEE5rfindEPKcmm
   283: 00000000000300f8    24 FUNC    WEAK   DEFAULT    13 _ZNSt6__ndk112basic_stringIcNS_11char_traitsIcEENS_9allocatorIcEEED2Ev
   284: 000000000003173c    80 FUNC    WEAK   DEFAULT    13 _ZNSt6__ndk112basic_stringIcNS_11char_traitsIcEENS_9allocatorIcEEE6appendERKS5_mm
   285: 0000000000038b44     8 FUNC    GLOBAL DEFAULT    13 _ZNSt9bad_allocD2Ev
   286: 0000000000038e0c    44 FUNC    GLOBAL DEFAULT    13 _ZNSt12length_errorD0Ev
   287: 0000000000017ced    17 OBJECT  GLOBAL DEFAULT     9 _ZTSSt12domain_error
   288: 0000000000067348    24 OBJECT  GLOBAL DEFAULT    15 _ZTIN10__cxxabiv117__pbase_type_infoE
   289: 000000000005c0e8    88 FUNC    GLOBAL DEFAULT    13 __cxa_current_exception_type
   290: 000000000005bae0    56 FUNC    WEAK   DEFAULT    13 _ZnwmRKSt9nothrow_t
   291: 0000000000017af0     8 OBJECT  WEAK   DEFAULT     9 _ZNSt6__ndk112basic_stringIwNS_11char_traitsIwEENS_9allocatorIwEEE4nposE
   292: 0000000000038c6c   108 FUNC    GLOBAL DEFAULT    13 _ZNSt12length_errorD2Ev
   293: 000000000001802e    13 OBJECT  GLOBAL DEFAULT     9 _ZTSSt9type_info
   294: 0000000000038c18    24 FUNC    GLOBAL DEFAULT    13 _ZNSt20bad_array_new_lengthC1Ev
   295: 0000000000067268    24 OBJECT  GLOBAL DEFAULT    15 _ZTISt13runtime_error
   296: 0000000000033324   228 FUNC    WEAK   DEFAULT    13 _ZNSt6__ndk112basic_stringIwNS_11char_traitsIwEENS_9allocatorIwEEEC1ERKS5_mmRKS4_
   297: 0000000000067128    40 OBJECT  GLOBAL DEFAULT    15 _ZTVSt12domain_error
   298: 000000000005bcb8     8 FUNC    WEAK   DEFAULT    13 _ZdaPvSt11align_val_tRKSt9nothrow_t
   299: 0000000000038810    20 FUNC    GLOBAL DEFAULT    13 _ZSt14get_unexpectedv
   300: 00000000000672d8    40 OBJECT  GLOBAL DEFAULT    15 _ZTVSt15underflow_error
   301: 000000000002f750    56 FUNC    GLOBAL DEFAULT    13 _ZNSt11logic_errorC2ERKS_
   302: 00000000000303a4   160 FUNC    WEAK   DEFAULT    13 _ZNSt6__ndk112basic_stringIcNS_11char_traitsIcEENS_9allocatorIcEEE6__initEPKcm
   303: 0000000000067ef0    32 OBJECT  GLOBAL DEFAULT    15 _ZTVSt9type_info
   304: 0000000000067e30    56 OBJECT  GLOBAL DEFAULT    15 _ZTVN10__cxxabiv119__pointer_type_infoE
   305: 0000000000031944    68 FUNC    WEAK   DEFAULT    13 _ZNSt6__ndk112basic_stringIcNS_11char_traitsIcEENS_9allocatorIcEEE2atEm
   306: 0000000000034784   256 FUNC    WEAK   DEFAULT    13 _ZNSt6__ndk1plIcNS_11char_traitsIcEENS_9allocatorIcEEEENS_12basic_stringIT_T0_T1_EEPKS6_RKS9_
   307: 0000000000034a54   364 FUNC    GLOBAL DEFAULT    13 _ZNSt6__ndk15stoulERKNS_12basic_stringIcNS_11char_traitsIcEENS_9allocatorIcEEEEPmi
   308: 000000000005bb80     8 FUNC    WEAK   DEFAULT    13 _ZdaPvm
   309: 000000000003325c    84 FUNC    WEAK   DEFAULT    13 _ZNSt6__ndk112basic_stringIwNS_11char_traitsIwEENS_9allocatorIwEEE6assignERKS5_mm
   310: 0000000000030fc0    76 FUNC    WEAK   DEFAULT    13 _ZNSt6__ndk112basic_stringIcNS_11char_traitsIcEENS_9allocatorIcEEE6insertEmPKc
   311: 0000000000067ea0    40 OBJECT  GLOBAL DEFAULT    15 _ZTVSt8bad_cast
   312: 000000000002f9bc    84 FUNC    GLOBAL DEFAULT    13 _ZNSt6__ndk121__throw_runtime_errorEPKc
   313: 000000000003ac90    24 FUNC    GLOBAL DEFAULT    13 _ZNSt10bad_typeidC2Ev
   314: 0000000000031fac    76 FUNC    WEAK   DEFAULT    13 _ZNSt6__ndk112basic_stringIcNS_11char_traitsIcEENS_9allocatorIcEEE6resizeEmc
   315: 000000000005bc1c    56 FUNC    WEAK   DEFAULT    13 _ZnwmSt11align_val_tRKSt9nothrow_t
   316: 000000000005c2dc   304 FUNC    GLOBAL DEFAULT    13 __cxa_rethrow_primary_exception
   317: 0000000000030ba0   392 FUNC    WEAK   DEFAULT    13 _ZNSt6__ndk112basic_stringIcNS_11char_traitsIcEENS_9allocatorIcEEE6appendEPKcm
   318: 0000000000067090    24 OBJECT  GLOBAL DEFAULT    15 _ZTISt13bad_exception
   319: 0000000000067610    16 OBJECT  GLOBAL DEFAULT    15 _ZTIa
   320: 0000000000038824    64 FUNC    GLOBAL DEFAULT    13 _ZSt9terminatev
   321: 0000000000032b50    72 FUNC    WEAK   DEFAULT    13 _ZNKSt6__ndk112basic_stringIwNS_11char_traitsIwEENS_9allocatorIwEEE2atEm
   322: 0000000000030014    44 FUNC    WEAK   DEFAULT    13 _ZNSt6__ndk112basic_stringIcNS_11char_traitsIcEENS_9allocatorIcEEEC1ERKS5_RKS4_
   323: 0000000000038e38    44 FUNC    GLOBAL DEFAULT    13 _ZNSt12out_of_rangeD0Ev
   324: 00000000000674d0    16 OBJECT  GLOBAL DEFAULT    15 _ZTIb
   325: 000000000005bc94     8 FUNC    WEAK   DEFAULT    13 _ZdlPvSt11align_val_t
   326: 000000000003378c   296 FUNC    WEAK   DEFAULT    13 _ZNSt6__ndk112basic_stringIwNS_11char_traitsIwEENS_9allocatorIwEEE9push_backEw
   327: 00000000000673e0    56 OBJECT  GLOBAL DEFAULT    15 _ZTVN10__cxxabiv123__fundamental_type_infoE
   328: 0000000000067570    16 OBJECT  GLOBAL DEFAULT    15 _ZTIc
   329: 000000000002f7f8   148 FUNC    GLOBAL DEFAULT    13 _ZNSt13runtime_errorC2ERKNSt6__ndk112basic_stringIcNS0_11char_traitsIcEENS0_9allocatorIcEEEE
   330: 00000000000356ec   396 FUNC    GLOBAL DEFAULT    13 _ZNSt6__ndk16stoullERKNS_12basic_stringIwNS_11char_traitsIwEENS_9allocatorIwEEEEPmi
   331: 0000000000038c6c   108 FUNC    GLOBAL DEFAULT    13 _ZNSt12out_of_rangeD2Ev
   332: 0000000000067a20    16 OBJECT  GLOBAL DEFAULT    15 _ZTId
   333: 000000000005bcc0    12 FUNC    WEAK   DEFAULT    13 _ZdaPvmSt11align_val_t
   334: 00000000000310a8   292 FUNC    WEAK   DEFAULT    13 _ZNSt6__ndk112basic_stringIcNS_11char_traitsIcEENS_9allocatorIcEEE9__grow_byEmmmmmm
   335: 0000000000033f44   156 FUNC    WEAK   DEFAULT    13 _ZNKSt6__ndk112basic_stringIwNS_11char_traitsIwEENS_9allocatorIwEEE7compareEmmPKwm
   336: 0000000000067a70    16 OBJECT  GLOBAL DEFAULT    15 _ZTIe
   337: 000000000006f178     0 NOTYPE  GLOBAL DEFAULT    22 _binary_obj_binary_InceptionV3_InceptionV3_Conv2d_1a_3x3_Conv2D_bias_raw_start
   338: 0000000000038afc    36 FUNC    GLOBAL DEFAULT    13 __cxa_get_globals
   339: 0000000000017eee     4 OBJECT  GLOBAL DEFAULT     9 _ZTSPKa
   340: 00000000000679d0    16 OBJECT  GLOBAL DEFAULT    15 _ZTIf
   341: 0000000000067de0    24 OBJECT  GLOBAL DEFAULT    15 _ZTIN10__cxxabiv121__vmi_class_type_infoE
   342: 000000000002ff04   144 FUNC    WEAK   DEFAULT    13 _ZNSt6__ndk112basic_stringIcNS_11char_traitsIcEENS_9allocatorIcEEE6__initEPKcmm
   343: 0000000000030a3c   356 FUNC    WEAK   DEFAULT    13 _ZNSt6__ndk112basic_stringIcNS_11char_traitsIcEENS_9allocatorIcEEE7reserveEm
   344: 0000000000033408   116 FUNC    WEAK   DEFAULT    13 _ZNKSt6__ndk112basic_stringIwNS_11char_traitsIwEENS_9allocatorIwEEE4findEwm
   345: 0000000000067390    24 OBJECT  GLOBAL DEFAULT    15 _ZTIN10__cxxabiv129__pointer_to_member_type_infoE
   346: 0000000000017eca     4 OBJECT  GLOBAL DEFAULT     9 _ZTSPKb
   347: 0000000000067ac0    16 OBJECT  GLOBAL DEFAULT    15 _ZTIg
   348: 0000000000031a9c   176 FUNC    WEAK   DEFAULT    13 _ZNKSt6__ndk112basic_stringIcNS_11char_traitsIcEENS_9allocatorIcEEE7compareEmmRKS5_mm
   349: 0000000000017edc     4 OBJECT  GLOBAL DEFAULT     9 _ZTSPKc
   350: 00000000000675c0    16 OBJECT  GLOBAL DEFAULT    15 _ZTIh
   351: 0000000000017d45    16 OBJECT  GLOBAL DEFAULT     9 _ZTSSt11range_error
   352: 0000000000067700    16 OBJECT  GLOBAL DEFAULT    15 _ZTIi
   353: 0000000000017f66     4 OBJECT  GLOBAL DEFAULT     9 _ZTSPKd
   354: 0000000000067c38    24 OBJECT  GLOBAL DEFAULT    15 _ZTIN10__cxxabiv117__array_type_infoE
   355: 000000000005be64     8 FUNC    GLOBAL DEFAULT    13 __cxa_free_dependent_exception
   356: 0000000000032238   368 FUNC    WEAK   DEFAULT    13 _ZNSt6__ndk112basic_stringIwNS_11char_traitsIwEENS_9allocatorIwEEE21__grow_by_and_replaceEmmmmmmPKw
   357: 0000000000038d10   108 FUNC    GLOBAL DEFAULT    13 _ZNSt14overflow_errorD1Ev
   358: 0000000000017cfe    16 OBJECT  GLOBAL DEFAULT     9 _ZTSSt11logic_error
   359: 0000000000067750    16 OBJECT  GLOBAL DEFAULT    15 _ZTIj
   360: 0000000000017f6f     4 OBJECT  GLOBAL DEFAULT     9 _ZTSPKe
   361: 0000000000017f5d     4 OBJECT  GLOBAL DEFAULT     9 _ZTSPKf
   362: 000000000002f634   148 FUNC    GLOBAL DEFAULT    13 _ZNSt11logic_errorC2ERKNSt6__ndk112basic_stringIcNS0_11char_traitsIcEENS0_9allocatorIcEEEE
   363: 0000000000067300    24 OBJECT  GLOBAL DEFAULT    15 _ZTISt15underflow_error
   364: 00000000000677a0    16 OBJECT  GLOBAL DEFAULT    15 _ZTIl
   365: 0000000000017f78     4 OBJECT  GLOBAL DEFAULT     9 _ZTSPKg
   366: 000000000005be28    60 FUNC    GLOBAL DEFAULT    13 __cxa_allocate_dependent_exception
   367: 0000000000067cd8    80 OBJECT  GLOBAL DEFAULT    15 _ZTVN10__cxxabiv117__class_type_infoE
   368: 0000000000067360    24 OBJECT  GLOBAL DEFAULT    15 _ZTIN10__cxxabiv119__pointer_type_infoE
   369: 0000000000017ee5     4 OBJECT  GLOBAL DEFAULT     9 _ZTSPKh
   370: 00000000000677f0    16 OBJECT  GLOBAL DEFAULT    15 _ZTIm
   371: 000000000005c08c    92 FUNC    GLOBAL DEFAULT    13 __cxa_decrement_exception_refcount
   372: 0000000000032a64    52 FUNC    WEAK   DEFAULT    13 _ZNSt6__ndk112basic_stringIwNS_11char_traitsIwEENS_9allocatorIwEEEaSEw
   373: 0000000000035564   392 FUNC    GLOBAL DEFAULT    13 _ZNSt6__ndk15stollERKNS_12basic_stringIwNS_11char_traitsIwEENS_9allocatorIwEEEEPmi
   374: 0000000000017f09     4 OBJECT  GLOBAL DEFAULT     9 _ZTSPKi
   375: 00000000000678e0    16 OBJECT  GLOBAL DEFAULT    15 _ZTIn
   376: 000000000006f198     0 NOTYPE  GLOBAL DEFAULT    22 _binary_obj_binary_InceptionV3_InceptionV3_Conv2d_1a_3x3_Conv2D_weight_raw_start
   377: 0000000000038b4c    44 FUNC    GLOBAL DEFAULT    13 _ZNSt9exceptionD0Ev
   378: 0000000000017f12     4 OBJECT  GLOBAL DEFAULT     9 _ZTSPKj
   379: 0000000000067930    16 OBJECT  GLOBAL DEFAULT    15 _ZTIo
   380: 000000000005bb78     8 FUNC    WEAK   DEFAULT    13 _ZdaPvRKSt9nothrow_t
   381: 0000000000067f20    24 OBJECT  GLOBAL DEFAULT    15 _ZTISt8bad_cast
   382: 000000000003ac34    24 FUNC    GLOBAL DEFAULT    13 _ZNSt8bad_castC1Ev
   383: 000000000005c480    48 FUNC    GLOBAL DEFAULT    13 __cxa_uncaught_exception
   384: 0000000000038b44     8 FUNC    GLOBAL DEFAULT    13 _ZNSt9exceptionD2Ev
   385: 0000000000034884    24 FUNC    GLOBAL DEFAULT    13 _ZNKSt6__ndk121__basic_string_commonILb1EE20__throw_length_errorEv
   386: 0000000000017f1b     4 OBJECT  GLOBAL DEFAULT     9 _ZTSPKl
   387: 000000000002ffc0    84 FUNC    WEAK   DEFAULT    13 _ZNSt6__ndk112basic_stringIcNS_11char_traitsIcEENS_9allocatorIcEEE7replaceEmmPKc
   388: 00000000000314d8   316 FUNC    WEAK   DEFAULT    13 _ZNSt6__ndk112basic_stringIcNS_11char_traitsIcEENS_9allocatorIcEEE6assignEmc
   389: 0000000000035878   356 FUNC    GLOBAL DEFAULT    13 _ZNSt6__ndk14stofERKNS_12basic_stringIwNS_11char_traitsIwEENS_9allocatorIwEEEEPm
   390: 0000000000038bc4    24 FUNC    GLOBAL DEFAULT    13 _ZNSt9bad_allocC2Ev
   391: 0000000000017f24     4 OBJECT  GLOBAL DEFAULT     9 _ZTSPKm
   392: 000000000005be04    36 FUNC    GLOBAL DEFAULT    13 __cxa_free_exception
   393: 0000000000038b20    36 FUNC    GLOBAL DEFAULT    13 __cxa_get_globals_fast
   394: 0000000000067660    16 OBJECT  GLOBAL DEFAULT    15 _ZTIs
   395: 0000000000017f3f     4 OBJECT  GLOBAL DEFAULT     9 _ZTSPKn
   396: 0000000000032d44   384 FUNC    WEAK   DEFAULT    13 _ZNSt6__ndk112basic_stringIwNS_11char_traitsIwEENS_9allocatorIwEEE7replaceEmmmw
   397: 0000000000034fe4   328 FUNC    GLOBAL DEFAULT    13 _ZNSt6__ndk14stodERKNS_12basic_stringIcNS_11char_traitsIcEENS_9allocatorIcEEEEPm
   398: 00000000000676b0    16 OBJECT  GLOBAL DEFAULT    15 _ZTIt
   399: 0000000000017f48     4 OBJECT  GLOBAL DEFAULT     9 _ZTSPKo
   400: 000000000005ba70   112 FUNC    WEAK   DEFAULT    13 _Znwm
   401: 000000000003100c   156 FUNC    WEAK   DEFAULT    13 _ZNKSt6__ndk112basic_stringIcNS_11char_traitsIcEENS_9allocatorIcEEE12find_last_ofEPKcmm
   402: 000000000006f500     8 OBJECT  GLOBAL DEFAULT    22 __cxa_unexpected_handler
   403: 0000000000067298    40 OBJECT  GLOBAL DEFAULT    15 _ZTVSt14overflow_error
   404: 0000000000067418    24 OBJECT  GLOBAL DEFAULT    15 _ZTIN10__cxxabiv123__fundamental_type_infoE
   405: 0000000000067430    16 OBJECT  GLOBAL DEFAULT    15 _ZTIv
   406: 0000000000038de0    44 FUNC    GLOBAL DEFAULT    13 _ZNSt16invalid_argumentD0Ev
   407: 0000000000067520    16 OBJECT  GLOBAL DEFAULT    15 _ZTIw
   408: 000000000005bcb0     8 FUNC    WEAK   DEFAULT    13 _ZdaPvSt11align_val_t
   409: 000000000005c250   140 FUNC    GLOBAL DEFAULT    13 __cxa_current_primary_exception
   410: 000000000006f4f8     0 NOTYPE  GLOBAL DEFAULT    22 _binary_obj_binary_InceptionV3_InceptionV3_Conv2d_1a_3x3_Conv2D_weight_raw_end
   411: 0000000000038c30    44 FUNC    GLOBAL DEFAULT    13 _ZNSt20bad_array_new_lengthD0Ev
   412: 0000000000017ef7     4 OBJECT  GLOBAL DEFAULT     9 _ZTSPKs
   413: 0000000000067840    16 OBJECT  GLOBAL DEFAULT    15 _ZTIx
   414: 0000000000038d10   108 FUNC    GLOBAL DEFAULT    13 _ZNSt13runtime_errorD1Ev
   415: 0000000000032668   176 FUNC    WEAK   DEFAULT    13 _ZNKSt6__ndk112basic_stringIwNS_11char_traitsIwEENS_9allocatorIwEEE16find_last_not_ofEPKwmm
   416: 0000000000033324   228 FUNC    WEAK   DEFAULT    13 _ZNSt6__ndk112basic_stringIwNS_11char_traitsIwEENS_9allocatorIwEEEC2ERKS5_mmRKS4_
   417: 0000000000038c6c   108 FUNC    GLOBAL DEFAULT    13 _ZNSt16invalid_argumentD2Ev
   418: 0000000000017f00     4 OBJECT  GLOBAL DEFAULT     9 _ZTSPKt
   419: 0000000000067890    16 OBJECT  GLOBAL DEFAULT    15 _ZTIy
   420: 0000000000038b44     8 FUNC    GLOBAL DEFAULT    13 _ZNSt20bad_array_new_lengthD2Ev
   421: 0000000000067318    24 OBJECT  GLOBAL DEFAULT    15 _ZTIN10__cxxabiv116__shim_type_infoE
   422: 000000000005bb60     8 FUNC    WEAK   DEFAULT    13 _ZdlPvRKSt9nothrow_t
   423: 00000000000342e4    88 FUNC    WEAK   DEFAULT    13 _ZNSt6__ndk112basic_stringIwNS_11char_traitsIwEENS_9allocatorIwEEEaSERKS5_
   424: 000000000003252c    44 FUNC    WEAK   DEFAULT    13 _ZNSt6__ndk112basic_stringIwNS_11char_traitsIwEENS_9allocatorIwEEEC1ERKS5_
   425: 0000000000017eb5     4 OBJECT  GLOBAL DEFAULT     9 _ZTSPKv
   426: 000000000003acdc    16 FUNC    GLOBAL DEFAULT    13 _ZNKSt10bad_typeid4whatEv
   427: 0000000000017ed3     4 OBJECT  GLOBAL DEFAULT     9 _ZTSPKw
   428: 0000000000031ff8    80 FUNC    WEAK   DEFAULT    13 _ZNSt6__ndk112basic_stringIcNS_11char_traitsIcEENS_9allocatorIcEEE6insertEmRKS5_mm
   429: 0000000000035b40   376 FUNC    GLOBAL DEFAULT    13 _ZNSt6__ndk15stoldERKNS_12basic_stringIwNS_11char_traitsIwEENS_9allocatorIwEEEEPm
   430: 0000000000017f2d     4 OBJECT  GLOBAL DEFAULT     9 _ZTSPKx
   431: 0000000000030110   160 FUNC    WEAK   DEFAULT    13 _ZNKSt6__ndk112basic_stringIcNS_11char_traitsIcEENS_9allocatorIcEEE17find_first_not_ofEPKcmm
   432: 0000000000035290   212 FUNC    GLOBAL DEFAULT    13 _ZNSt6__ndk14stoiERKNS_12basic_stringIwNS_11char_traitsIwEENS_9allocatorIwEEEEPmi
   433: 000000000003aca8     8 FUNC    GLOBAL DEFAULT    13 _ZNSt10bad_typeidD1Ev
   434: 0000000000017f36     4 OBJECT  GLOBAL DEFAULT     9 _ZTSPKy
   435: 000000000002fa10   728 FUNC    WEAK   DEFAULT    13 _ZNSt6__ndk112basic_stringIcNS_11char_traitsIcEENS_9allocatorIcEEE7replaceEmmPKcm
   436: 00000000000319cc   208 FUNC    WEAK   DEFAULT    13 _ZNKSt6__ndk112basic_stringIcNS_11char_traitsIcEENS_9allocatorIcEEE4findEPKcmm
   437: 000000000003263c    44 FUNC    WEAK   DEFAULT    13 _ZNSt6__ndk112basic_stringIwNS_11char_traitsIwEENS_9allocatorIwEEEC2ERKS5_RKS4_
   438: 00000000000327e0   340 FUNC    WEAK   DEFAULT    13 _ZNSt6__ndk112basic_stringIwNS_11char_traitsIwEENS_9allocatorIwEEE6insertEmmw
   439: 0000000000038d04    12 FUNC    GLOBAL DEFAULT    13 _ZNKSt11logic_error4whatEv
   440: 0000000000031988     8 FUNC    WEAK   DEFAULT    13 _ZNSt6__ndk112basic_stringIcNS_11char_traitsIcEENS_9allocatorIcEEE6assignEPKc
   441: 000000000002ff94    44 FUNC    WEAK   DEFAULT    13 _ZNSt6__ndk112basic_stringIcNS_11char_traitsIcEENS_9allocatorIcEEEC2ERKS5_
   442: 000000000003b894  1528 FUNC    GLOBAL DEFAULT    13 __cxa_demangle
   443: 0000000000038d10   108 FUNC    GLOBAL DEFAULT    13 _ZNSt11range_errorD1Ev
   444: 000000000005bb20    56 FUNC    WEAK   DEFAULT    13 _ZnamRKSt9nothrow_t
   445: 0000000000035364   120 FUNC    GLOBAL DEFAULT    13 _ZNSt6__ndk14stolERKNS_12basic_stringIwNS_11char_traitsIwEENS_9allocatorIwEEEEPmi
   446: 0000000000038b44     8 FUNC    GLOBAL DEFAULT    13 _ZNSt13bad_exceptionD1Ev
   447: 0000000000038c6c   108 FUNC    GLOBAL DEFAULT    13 _ZNSt11logic_errorD1Ev
   448: 000000000002b240  2484 FUNC    GLOBAL DEFAULT    13 QnnModel_composeGraphs
   449: 0000000000033c44   148 FUNC    WEAK   DEFAULT    13 _ZNSt6__ndk112basic_stringIwNS_11char_traitsIwEENS_9allocatorIwEEE5eraseEmm
   450: 0000000000067df8    56 OBJECT  GLOBAL DEFAULT    15 _ZTVN10__cxxabiv117__pbase_type_infoE
   451: 00000000000344b4   232 FUNC    WEAK   DEFAULT    13 _ZNSt6__ndk112basic_stringIwNS_11char_traitsIwEENS_9allocatorIwEEE6appendEPKw
   452: 000000000005bc9c     8 FUNC    WEAK   DEFAULT    13 _ZdlPvSt11align_val_tRKSt9nothrow_t
   453: 0000000000017d8e    33 OBJECT  GLOBAL DEFAULT     9 _ZTSN10__cxxabiv116__shim_type_infoE
   454: 0000000000067100    40 OBJECT  GLOBAL DEFAULT    15 _ZTVSt13runtime_error
   455: 000000000005d678   492 FUNC    WEAK   DEFAULT    13 __emutls_get_address
   456: 0000000000017f4f     4 OBJECT  GLOBAL DEFAULT     9 _ZTSPDh
   457: 000000000005bb68     8 FUNC    WEAK   DEFAULT    13 _ZdlPvm
   458: 00000000000673a8    56 OBJECT  GLOBAL DEFAULT    15 _ZTVN10__cxxabiv116__shim_type_infoE
   459: 0000000000017f97     4 OBJECT  GLOBAL DEFAULT     9 _ZTSPDi
   460: 000000000006f4f8     8 OBJECT  GLOBAL DEFAULT    22 __cxa_terminate_handler
   461: 0000000000067ec8    40 OBJECT  GLOBAL DEFAULT    15 _ZTVSt10bad_typeid
   462: 0000000000017daf    34 OBJECT  GLOBAL DEFAULT     9 _ZTSN10__cxxabiv117__class_type_infoE
   463: 0000000000038db4    44 FUNC    GLOBAL DEFAULT    13 _ZNSt12domain_errorD0Ev
   464: 0000000000038ebc    44 FUNC    GLOBAL DEFAULT    13 _ZNSt15underflow_errorD0Ev
   465: 0000000000067240    40 OBJECT  GLOBAL DEFAULT    15 _ZTVSt11range_error
   466: 0000000000017ebc     4 OBJECT  GLOBAL DEFAULT     9 _ZTSPDn
   467: 0000000000067980    16 OBJECT  GLOBAL DEFAULT    15 _ZTIDh
   468: 00000000000670d8    40 OBJECT  GLOBAL DEFAULT    15 _ZTVSt11logic_error
   469: 0000000000067068    40 OBJECT  GLOBAL DEFAULT    15 _ZTVSt13bad_exception
   470: 0000000000038c6c   108 FUNC    GLOBAL DEFAULT    13 _ZNSt12domain_errorD2Ev
   471: 000000000003ac08    44 FUNC    GLOBAL DEFAULT    13 _ZNSt9type_infoD0Ev
   472: 0000000000067bb0    16 OBJECT  GLOBAL DEFAULT    15 _ZTIDi
   473: 0000000000038d10   108 FUNC    GLOBAL DEFAULT    13 _ZNSt15underflow_errorD2Ev
   474: 0000000000032718    24 FUNC    WEAK   DEFAULT    13 _ZNSt6__ndk112basic_stringIwNS_11char_traitsIwEENS_9allocatorIwEEED2Ev
   475: 000000000003347c   240 FUNC    WEAK   DEFAULT    13 _ZNSt6__ndk112basic_stringIwNS_11char_traitsIwEENS_9allocatorIwEEE6__initEmw
   476: 0000000000033d74   292 FUNC    WEAK   DEFAULT    13 _ZNSt6__ndk112basic_stringIwNS_11char_traitsIwEENS_9allocatorIwEEE6appendERKS5_mm
   477: 000000000003ac00     8 FUNC    GLOBAL DEFAULT    13 _ZNSt9type_infoD2Ev
   478: 000000000003ac54    44 FUNC    GLOBAL DEFAULT    13 _ZNSt8bad_castD0Ev
   479: 00000000000670a8    24 OBJECT  GLOBAL DEFAULT    15 _ZTISt9bad_alloc
   480: 0000000000067620    32 OBJECT  GLOBAL DEFAULT    15 _ZTIPa
   481: 0000000000017f8b     4 OBJECT  GLOBAL DEFAULT     9 _ZTSPDs
   482: 0000000000031da8    80 FUNC    WEAK   DEFAULT    13 _ZNSt6__ndk112basic_stringIcNS_11char_traitsIcEENS_9allocatorIcEEE7replaceEmmRKS5_mm
   483: 00000000000300f8    24 FUNC    WEAK   DEFAULT    13 _ZNSt6__ndk112basic_stringIcNS_11char_traitsIcEENS_9allocatorIcEEED1Ev
   484: 0000000000038b44     8 FUNC    GLOBAL DEFAULT    13 _ZNSt9bad_allocD1Ev
   485: 000000000003ac4c     8 FUNC    GLOBAL DEFAULT    13 _ZNSt8bad_castD2Ev
   486: 0000000000067480    16 OBJECT  GLOBAL DEFAULT    15 _ZTIDn
   487: 00000000000674e0    32 OBJECT  GLOBAL DEFAULT    15 _ZTIPb
   488: 00000000000311cc   304 FUNC    WEAK   DEFAULT    13 _ZNSt6__ndk112basic_stringIcNS_11char_traitsIcEENS_9allocatorIcEEE9push_backEc
   489: 0000000000067580    32 OBJECT  GLOBAL DEFAULT    15 _ZTIPc
   490: 0000000000017f7f     4 OBJECT  GLOBAL DEFAULT     9 _ZTSPDu
   491: 0000000000067d90    80 OBJECT  GLOBAL DEFAULT    15 _ZTVN10__cxxabiv121__vmi_class_type_infoE
   492: 0000000000037b54   476 FUNC    GLOBAL DEFAULT    13 _ZNSt6__ndk110to_wstringEd
   493: 0000000000067a30    32 OBJECT  GLOBAL DEFAULT    15 _ZTIPd
   494: 0000000000067e68    56 OBJECT  GLOBAL DEFAULT    15 _ZTVN10__cxxabiv129__pointer_to_member_type_infoE
   495: 00000000000671e8    24 OBJECT  GLOBAL DEFAULT    15 _ZTISt12length_error
   496: 000000000003180c   128 FUNC    WEAK   DEFAULT    13 _ZNKSt6__ndk112basic_stringIcNS_11char_traitsIcEENS_9allocatorIcEEE7compareEmmPKcm
   497: 00000000000338b4   452 FUNC    WEAK   DEFAULT    13 _ZNSt6__ndk112basic_stringIwNS_11char_traitsIwEENS_9allocatorIwEEE6appendEmw
   498: 0000000000037d30   468 FUNC    GLOBAL DEFAULT    13 _ZNSt6__ndk110to_wstringEe
   499: 0000000000067a80    32 OBJECT  GLOBAL DEFAULT    15 _ZTIPe
   500: 0000000000038c6c   108 FUNC    GLOBAL DEFAULT    13 _ZNSt12length_errorD1Ev
   501: 0000000000037974   480 FUNC    GLOBAL DEFAULT    13 _ZNSt6__ndk110to_wstringEf
   502: 0000000000017f4c     3 OBJECT  GLOBAL DEFAULT     9 _ZTSDh
   503: 00000000000679e0    32 OBJECT  GLOBAL DEFAULT    15 _ZTIPf
   504: 0000000000067c00    56 OBJECT  GLOBAL DEFAULT    15 _ZTVN10__cxxabiv117__array_type_infoE
   505: 0000000000030eb0   112 FUNC    WEAK   DEFAULT    13 _ZNKSt6__ndk112basic_stringIcNS_11char_traitsIcEENS_9allocatorIcEEE4findEcm
   506: 00000000000340b0    72 FUNC    WEAK   DEFAULT    13 _ZNSt6__ndk112basic_stringIwNS_11char_traitsIwEENS_9allocatorIwEEE2atEm
   507: 00000000000345ec   252 FUNC    WEAK   DEFAULT    13 _ZNSt6__ndk112basic_stringIwNS_11char_traitsIwEENS_9allocatorIwEEE6insertENS_11__wrap_iterIPKwEEw
   508: 00000000000353dc   392 FUNC    GLOBAL DEFAULT    13 _ZNSt6__ndk15stoulERKNS_12basic_stringIwNS_11char_traitsIwEENS_9allocatorIwEEEEPmi
   509: 0000000000038c5c    16 FUNC    GLOBAL DEFAULT    13 _ZNKSt20bad_array_new_length4whatEv
   510: 0000000000067ad0    32 OBJECT  GLOBAL DEFAULT    15 _ZTIPg
   511: 0000000000067b60    16 OBJECT  GLOBAL DEFAULT    15 _ZTIDs
   512: 0000000000017f94     3 OBJECT  GLOBAL DEFAULT     9 _ZTSDi
   513: 0000000000033fe0   208 FUNC    WEAK   DEFAULT    13 _ZNKSt6__ndk112basic_stringIwNS_11char_traitsIwEENS_9allocatorIwEEE7compareEmmPKw
   514: 00000000000675d0    32 OBJECT  GLOBAL DEFAULT    15 _ZTIPh
   515: 000000000005bb58     8 FUNC    WEAK   DEFAULT    13 _ZdlPv
   516: 0000000000036674   480 FUNC    GLOBAL DEFAULT    13 _ZNSt6__ndk110to_wstringEi
   517: 0000000000038c18    24 FUNC    GLOBAL DEFAULT    13 _ZNSt20bad_array_new_lengthC2Ev
   518: 0000000000067710    32 OBJECT  GLOBAL DEFAULT    15 _ZTIPi
   519: 0000000000067b10    16 OBJECT  GLOBAL DEFAULT    15 _ZTIDu
   520: 000000000002fd00   332 FUNC    WEAK   DEFAULT    13 _ZNSt6__ndk112basic_stringIcNS_11char_traitsIcEENS_9allocatorIcEEE21__grow_by_and_replaceEmmmmmmPKc
   521: 0000000000032b98   292 FUNC    WEAK   DEFAULT    13 _ZNSt6__ndk112basic_stringIwNS_11char_traitsIwEENS_9allocatorIwEEE6insertEmPKwm
   522: 0000000000032cbc   136 FUNC    WEAK   DEFAULT    13 _ZNKSt6__ndk112basic_stringIwNS_11char_traitsIwEENS_9allocatorIwEEE13find_first_ofEPKwmm
   523: 0000000000033a78    88 FUNC    WEAK   DEFAULT    13 _ZNKSt6__ndk112basic_stringIwNS_11char_traitsIwEENS_9allocatorIwEEE5rfindEwm
   524: 0000000000036dfc   364 FUNC    GLOBAL DEFAULT    13 _ZNSt6__ndk110to_wstringEj
   525: 0000000000067760    32 OBJECT  GLOBAL DEFAULT    15 _ZTIPj
   526: 0000000000017ae8     8 OBJECT  WEAK   DEFAULT     9 _ZNSt6__ndk112basic_stringIcNS_11char_traitsIcEENS_9allocatorIcEEE4nposE
   527: 0000000000017ce0    13 OBJECT  GLOBAL DEFAULT     9 _ZTSSt9bad_alloc
   528: 0000000000017eeb     3 OBJECT  GLOBAL DEFAULT     9 _ZTSPa
   529: 000000000005c224    44 FUNC    GLOBAL DEFAULT    13 __cxa_increment_exception_refcount
   530: 0000000000000360     0 NOTYPE  GLOBAL DEFAULT   ABS _binary_obj_binary_InceptionV3_InceptionV3_Conv2d_1a_3x3_Conv2D_weight_raw_size
   531: 000000000005bf88   260 FUNC    GLOBAL DEFAULT    13 __cxa_end_catch
   532: 0000000000036854   724 FUNC    GLOBAL DEFAULT    13 _ZNSt6__ndk110to_wstringEl
   533: 0000000000030de8   200 FUNC    WEAK   DEFAULT    13 _ZNSt6__ndk112basic_stringIcNS_11char_traitsIcEENS_9allocatorIcEEEC1ERKS5_mmRKS4_
   534: 0000000000017eb9     3 OBJECT  GLOBAL DEFAULT     9 _ZTSDn
   535: 0000000000017ec7     3 OBJECT  GLOBAL DEFAULT     9 _ZTSPb
   536: 0000000000067640    32 OBJECT  GLOBAL DEFAULT    15 _ZTIPKa
   537: 00000000000677b0    32 OBJECT  GLOBAL DEFAULT    15 _ZTIPl
   538: 000000000005c998   552 FUNC    GLOBAL DEFAULT    13 __gxx_personality_v0
   539: 0000000000032ec4     8 FUNC    WEAK   DEFAULT    13 _ZNSt6__ndk112basic_stringIwNS_11char_traitsIwEENS_9allocatorIwEEE6assignEPKwm
   540: 0000000000036f68   628 FUNC    GLOBAL DEFAULT    13 _ZNSt6__ndk110to_wstringEm
   541: 000000000003ac90    24 FUNC    GLOBAL DEFAULT    13 _ZNSt10bad_typeidC1Ev
   542: 0000000000067500    32 OBJECT  GLOBAL DEFAULT    15 _ZTIPKb
   543: 0000000000017ed9     3 OBJECT  GLOBAL DEFAULT     9 _ZTSPc
   544: 0000000000067800    32 OBJECT  GLOBAL DEFAULT    15 _ZTIPm
   545: 0000000000030368    60 FUNC    WEAK   DEFAULT    13 _ZNSt6__ndk112basic_stringIcNS_11char_traitsIcEENS_9allocatorIcEEEaSEc
   546: 00000000000332b0   116 FUNC    WEAK   DEFAULT    13 _ZNKSt6__ndk112basic_stringIwNS_11char_traitsIwEENS_9allocatorIwEEE4copyEPwmm
   547: 0000000000033e98   172 FUNC    WEAK   DEFAULT    13 _ZNKSt6__ndk112basic_stringIwNS_11char_traitsIwEENS_9allocatorIwEEE7compareEPKw
   548: 000000000003263c    44 FUNC    WEAK   DEFAULT    13 _ZNSt6__ndk112basic_stringIwNS_11char_traitsIwEENS_9allocatorIwEEEC1ERKS5_RKS4_
   549: 0000000000066fe0    40 OBJECT  GLOBAL DEFAULT    15 _ZTVSt9bad_alloc
   550: 00000000000675a0    32 OBJECT  GLOBAL DEFAULT    15 _ZTIPKc
   551: 00000000000678f0    32 OBJECT  GLOBAL DEFAULT    15 _ZTIPn
   552: 0000000000017f63     3 OBJECT  GLOBAL DEFAULT     9 _ZTSPd
   553: 0000000000017d23    17 OBJECT  GLOBAL DEFAULT     9 _ZTSSt12length_error
   554: 0000000000067280    24 OBJECT  GLOBAL DEFAULT    15 _ZTISt11range_error
   555: 0000000000017dd1    34 OBJECT  GLOBAL DEFAULT     9 _ZTSN10__cxxabiv117__pbase_type_infoE
   556: 0000000000067940    32 OBJECT  GLOBAL DEFAULT    15 _ZTIPo
   557: 0000000000067a50    32 OBJECT  GLOBAL DEFAULT    15 _ZTIPKd
   558: 0000000000017f6c     3 OBJECT  GLOBAL DEFAULT     9 _ZTSPe
   559: 000000000005bb18     8 FUNC    WEAK   DEFAULT    13 _Znam
   560: 0000000000030d28    80 FUNC    WEAK   DEFAULT    13 _ZNSt6__ndk112basic_stringIcNS_11char_traitsIcEENS_9allocatorIcEEE6assignERKS5_mm
   561: 000000000003ad04    24 FUNC    GLOBAL DEFAULT    13 __cxa_deleted_virtual
   562: 0000000000067150    24 OBJECT  GLOBAL DEFAULT    15 _ZTISt11logic_error
   563: 0000000000017f5a     3 OBJECT  GLOBAL DEFAULT     9 _ZTSPf
   564: 0000000000067aa0    32 OBJECT  GLOBAL DEFAULT    15 _ZTIPKe
   565: 0000000000033664   296 FUNC    WEAK   DEFAULT    13 _ZNSt6__ndk112basic_stringIwNS_11char_traitsIwEENS_9allocatorIwEEE9__grow_byEmmmmmm
   566: 0000000000067a00    32 OBJECT  GLOBAL DEFAULT    15 _ZTIPKf
   567: 0000000000017f75     3 OBJECT  GLOBAL DEFAULT     9 _ZTSPg
   568: 0000000000017f88     3 OBJECT  GLOBAL DEFAULT     9 _ZTSDs
   569: 00000000000671c0    40 OBJECT  GLOBAL DEFAULT    15 _ZTVSt12length_error
   570: 00000000000323a8   196 FUNC    WEAK   DEFAULT    13 _ZNKSt6__ndk112basic_stringIwNS_11char_traitsIwEENS_9allocatorIwEEE5rfindEPKwmm
   571: 0000000000067228    24 OBJECT  GLOBAL DEFAULT    15 _ZTISt12out_of_range
   572: 0000000000017d55    18 OBJECT  GLOBAL DEFAULT     9 _ZTSSt13runtime_error
   573: 0000000000017ee2     3 OBJECT  GLOBAL DEFAULT     9 _ZTSPh
   574: 0000000000067af0    32 OBJECT  GLOBAL DEFAULT    15 _ZTIPKg
   575: 000000000002f7f8   148 FUNC    GLOBAL DEFAULT    13 _ZNSt13runtime_errorC1ERKNSt6__ndk112basic_stringIcNS0_11char_traitsIcEENS0_9allocatorIcEEEE
   576: 0000000000032fa8   128 FUNC    WEAK   DEFAULT    13 _ZNSt6__ndk112basic_stringIwNS_11char_traitsIwEENS_9allocatorIwEEE7reserveEm
   577: 0000000000038c6c   108 FUNC    GLOBAL DEFAULT    13 _ZNSt12out_of_rangeD1Ev
   578: 00000000000675f0    32 OBJECT  GLOBAL DEFAULT    15 _ZTIPKh
   579: 0000000000067670    32 OBJECT  GLOBAL DEFAULT    15 _ZTIPs
   580: 0000000000017f06     3 OBJECT  GLOBAL DEFAULT     9 _ZTSPi
   581: 0000000000017f7c     3 OBJECT  GLOBAL DEFAULT     9 _ZTSDu
   582: 00000000000306f8   524 FUNC    WEAK   DEFAULT    13 _ZNSt6__ndk112basic_stringIcNS_11char_traitsIcEENS_9allocatorIcEEE7replaceEmmmc
   583: 000000000003421c   200 FUNC    WEAK   DEFAULT    13 _ZNKSt6__ndk112basic_stringIwNS_11char_traitsIwEENS_9allocatorIwEEE7compareEmmRKS5_mm
   584: 00000000000676c0    32 OBJECT  GLOBAL DEFAULT    15 _ZTIPt
   585: 0000000000067730    32 OBJECT  GLOBAL DEFAULT    15 _ZTIPKi
   586: 0000000000017f0f     3 OBJECT  GLOBAL DEFAULT     9 _ZTSPj

